analysis HEAD 16e1e9b2670ba62928d48aef3f58dea010ecd6fb (worktree: 0 modified paths)
[2026-09-30] prepare session: 204.4s rss 3623 MB
[2026-09-30] first snapshot 09:47: 12.0s  sha ef1693ca640ef397c050250a8c1d9d25ab5283a41dcbeefdc1f238b4fcaec494
[2026-09-30] subsequent snapshot 12:14: 17.4s  sha 2b942cb5eda1c5b3f50ad138605ea5ce202f79862b323ff16c0a13d484c9b268
[2026-09-30] subsequent snapshot 14:32: 17.2s  sha 4220aa485783c098cd28d25ea901a1a64143719a1f7cdbc30746f23cad99928f
[2026-09-30] subsequent snapshot 09:29: 11.8s  sha ecd0fba45d75962b294b45090b5b24d301166b5e41717f2b43969f465e6bc4c4
[2026-09-30] subsequent snapshot 09:30: 7.9s  sha 81e89c49f26da7c16165d90e4a62903162043c96a6086093e8a72dedb8e74c95
[2026-09-30] subsequent snapshot 14:59: 22.8s  sha 72ad6a632633a4496ca2a0c0e42204e869a8f5573e572e543e61ffc3a22dd7b1
[2026-09-30] subsequent snapshot 15:00: 23.5s  sha 4d5ef8b34eb3caed59f0010c755571160a4f96aaa0524104fbbbfff6532bbd59
[2026-09-30] delta 12:14:00 -> 12:14:01: 10 changes, compare 18.2s, deterministic True, delta sha da2deac1eeb47bf82ba8fca97b161722e8dd40dbdeade8089c29d4e98fcf7feb; newly known NewlyKnownEvidence(records=754, with_market_time_before_earlier_market_cutoff=750, max_receipt_lag_of_those=datetime.timedelta(seconds=20, microseconds=293056), corrections=0, cancels=0)
[2026-09-30] delta 09:29 -> 09:30: 16 changes, compare 0.7s, deterministic True, delta sha 57365a39babf4093272fe71ea6bbb59761196b09a8d4b6b6a9fea08e79587083; newly known NewlyKnownEvidence(records=3850, with_market_time_before_earlier_market_cutoff=0, max_receipt_lag_of_those=None, corrections=0, cancels=0)
[2026-09-30] delta 14:59 -> 15:00: 31 changes, compare 0.9s, deterministic True, delta sha f3dd6c7a5e101e75060898de9363d7bee056c74dd279f91b7570045819582453; newly known NewlyKnownEvidence(records=55416, with_market_time_before_earlier_market_cutoff=0, max_receipt_lag_of_those=None, corrections=0, cancels=0)
[2026-09-30] peak rss 3769 MB
[2026-10-02] prepare session: 85.3s rss 3553 MB
[2026-10-02] first snapshot 09:30: 9.1s  sha 24dba83647701bdc3aeaa0505ca53be0851f0fa4cbb61421fceba033121e92ed
[2026-10-02] delta 2026-10-02T07:40:03.790478+00:00 -> 2026-10-02T07:40:05.790478+00:00: 7 changes, compare 5.4s, deterministic True, delta sha a7c844acc1e9bdca9ccd8c4f13409562f01b525b1c15591c67bd8746de93416a; newly known NewlyKnownEvidence(records=4, with_market_time_before_earlier_market_cutoff=0, max_receipt_lag_of_those=None, corrections=0, cancels=1)
[2026-10-02] peak rss 3604 MB
[2026-09-21] prepare session: 54.3s rss 2269 MB
[2026-09-21] first snapshot 08:31: 2.8s  sha d46320aff8bf79d8d1353dd55fbf62af831e2cbbf55fcd8b7016c27b81b08eb9
[2026-09-21] delta 2026-09-21T02:55:11+00:00 -> 2026-09-21T02:55:12.5+00:00: 4 changes, compare 2.9s, deterministic True, delta sha 5b6b6ae2d79e29cc93176253df1353fa1602d44b59740da86dbeb7ac85da16e1; newly known NewlyKnownEvidence(records=0, with_market_time_before_earlier_market_cutoff=0, max_receipt_lag_of_those=None, corrections=0, cancels=0)
[2026-09-21] delta 2026-09-21T02:55:12.5+00:00 -> 2026-09-21T02:55:14+00:00: 6 changes, compare 1.6s, deterministic True, delta sha 98b129f77aa2efa7751b125cd9eb764f9492ed5268c32a7853f236b53861b22b; newly known NewlyKnownEvidence(records=7, with_market_time_before_earlier_market_cutoff=0, max_receipt_lag_of_those=None, corrections=0, cancels=0)
[2026-09-21] peak rss 2318 MB
[2026-08-31] prepare session: 14.8s rss 577 MB
[2026-08-31] first snapshot 08:45: 3.4s  sha d0cf002786e858fd4e0428f7a5fd80c4bc229e52b0d403b677680a3d6e1e0668
[2026-08-31] subsequent snapshot 09:30: 2.8s  sha e4832aaeccd93683f471408889c6af308e3a2451202dd0bbd25d2ed56e2ec949
[2026-08-31] subsequent snapshot 10:00: 3.4s  sha 6f35b6f40139c302e8fe3997d3d88fffff40fe76ddbd404eb2358c4bc12ecb14
[2026-08-31] delta 08:45 -> 09:30: 28 changes, compare 0.1s, deterministic True, delta sha 99f7dd69aa07eb448d77ab0f1e9e540b45bea691ad07ee362049720d7f94ed76; newly known NewlyKnownEvidence(records=11601, with_market_time_before_earlier_market_cutoff=0, max_receipt_lag_of_those=None, corrections=0, cancels=0)
[2026-08-31] peak rss 624 MB
DATABASE SHA256 UNCHANGED
0930: 	Elapsed (wall clock) time (h:mm:ss or m:ss): 7:24.49 	Maximum resident set size (kbytes): 3859252 
1002: 	Elapsed (wall clock) time (h:mm:ss or m:ss): 1:56.07 	Maximum resident set size (kbytes): 3690132 
0921: 	Elapsed (wall clock) time (h:mm:ss or m:ss): 1:14.17 	Maximum resident set size (kbytes): 2373512 
0831: 	Elapsed (wall clock) time (h:mm:ss or m:ss): 0:33.24 	Maximum resident set size (kbytes): 638472 
PLAYER_DONE
