analysis HEAD 62ca5ec50af5e549bab3dc7987e0e6b13e29ce63; analysis code identical to a8edf2fb: yes
== A snapshots
prepare_replay (current, once): 91.8s  rss 3570 MB
prior study inputs (final prior day): 119.8s  rss 5815 MB
0700 3.2 3.4 19530 True a655a657bf8248712c606caf5667729e6b298dd222a08925a1986b4845ec2f01 - NOT_YET_AVAILABLE NOT_YET_AVAILABLE NOT_YET_AVAILABLE OPEN_AS_OF 0 None 0 rss 5815 MB
0829 4.4 4.3 19531 True 8b7927ac05785605e16f798e900a7b3ca47ee6380c861370698ebf5d09bbbf45 - NOT_YET_AVAILABLE NOT_YET_AVAILABLE NOT_YET_AVAILABLE OPEN_AS_OF 0 None 0 rss 5815 MB
0831 8.5 5.2 35724 True c84d5b0423694bfb8ffb981f88ebc9d0c31155ec0457c8c867b077236146641a A DEVELOPING NOT_YET_DETERMINED NOT_YET_DETERMINED OPEN_AS_OF 0 None 0 rss 5815 MB
0835 5.5 5.6 39189 True b8fbf6e1e38533745534d4ceeb15e9114e7132db3fe37712b4ca15c97385e989 A DEVELOPING NOT_YET_DETERMINED NOT_YET_DETERMINED OPEN_AS_OF 0 None 0 rss 5815 MB
0900 6.6 10.5 43996 True 0eefaec53b8b7798d819d1c7419208c23200290afc68c25dc162e9c8ef87548a A DEVELOPING NOT_YET_DETERMINED NOT_YET_DETERMINED OPEN_AS_OF 0 None 0 rss 5815 MB
0930 8.8 8.7 86549 True 7bccc352b5e3d2e4a1368576ef266b6aa647dc489fc654e2653e6bd9572b99c1 AB WINDOW_COMPLETE WINDOW_COMPLETE NOT_YET_DETERMINED OPEN_AS_OF 0 None 0 rss 5815 MB
1000 14.0 9.8 87017 True 7ad9a461ac2ec82d11b0c08b30f1e147415f483a8a8ece7d1ea78d9b946d21c0 ABC WINDOW_COMPLETE WINDOW_COMPLETE NOT_YET_DETERMINED OPEN_AS_OF 0 None 0 rss 5815 MB
1200 18.7 15.5 87027 True a19629c58ad64e9ecc3ccf517fbc3c7e218bcaa157d4a846a13caa4c819bb31c ABCDEFG WINDOW_COMPLETE WINDOW_COMPLETE NOT_YET_DETERMINED OPEN_AS_OF 0 None 0 rss 5815 MB
1459 23.7 23.6 97441 True e065675f267ad40783fa2f6b3e4ab4f6edf743d389f7ea28b03a069894b5db88 ABCDEFGHIJKLM WINDOW_COMPLETE WINDOW_COMPLETE NOT_YET_DETERMINED OPEN_AS_OF 0 None 0 rss 5815 MB
1500 24.4 28.0 121450 True ee2a288af3f2c5043309c8f69be7b36f8ee0fbc97de01f1a659fa0eb2af35281 ABCDEFGHIJKLM WINDOW_COMPLETE WINDOW_COMPLETE WINDOW_COMPLETE OPEN_AS_OF 0 7712.75 0 rss 5815 MB
1600 29.2 30.2 121830 True f35fe79854e54dc1dad718238db0cda3ed051a9321dee935caf4b35ce4ead8d5 ABCDEFGHIJKLM WINDOW_COMPLETE WINDOW_COMPLETE WINDOW_COMPLETE OPEN_AS_OF 0 7713.00 0 rss 5815 MB
replay-only peak rss after 22 snapshots: 5815 MB
12:14:00 CT: market-before-cutoff but not yet received: 750; max lag 20.293s; snapshot sha 3c8aac73fede7fb726fb7e6b0ad3a4adf59f4ef737e3b041b9947aa4d23029f6; volume 805943.0
12:14:01 CT: market-before-cutoff but not yet received: 0; max lag 0.000s; snapshot sha 9de0740c8a77b4c8b0a3143876f68ae2b9f01bc5c82b19e1557f3f6acd636e31; volume 806881.0
late prints at 10:00 (market < 10:00, received >= 10:00): 0; max lag 0.000s
terminal snapshot 17:00 CT sha 50720498c868cf01184c311c5a2a073308bcd7f581529d9a6ff0c89e14390712
peak rss 5815 MB
== B final state (0Z-A CLI)
== C compare
compared 57 components: 57 equal; all_equal=True
== D 10-02 cancel
prepare_replay 95.4s rss 3547 MB
deferred records: 1; first: CANCEL source_order 105305 index 7691961727608577538 event_time 2026-10-02 07:00:00+00:00 received 2026-10-02T07:40:04.790478Z
cutoff 2026-10-02T07:40:03.790478Z: CANCEL order 105305 market 2026-10-02T07:00:00.000000Z received 2026-10-02T07:40:04.790478Z -> NOT_YET_RECEIVED: received at/after the knowledge cutoff
cutoff 2026-10-02T07:40:03.790478Z: snapshot sha e1738def27f4abf3683e498bf3ebe3d9ceaf3cd613f6476a868fa09e3125b312; deferred known 0; cancels known 0; cancels applied 0; anomalies 0; effective trades 105301; volume 122340.0
cutoff 2026-10-02T07:40:03.790478Z: cancels known 0, applied 0, anomalies []
cutoff 2026-10-02T07:40:05.790478Z: CANCEL order 105305 market 2026-10-02T07:00:00.000000Z received 2026-10-02T07:40:04.790478Z -> ANOMALY: TARGET_SOURCE_EVENT_NOT_FOUND
cutoff 2026-10-02T07:40:05.790478Z: snapshot sha 8542e52faaddec1e88f70897ba4b026b7d109578dff5e7e6ad4a0f7488f926cc; deferred known 1; cancels known 1; cancels applied 0; anomalies 1; effective trades 105304; volume 122344.0
cutoff 2026-10-02T07:40:05.790478Z: cancels known 1, applied 0, anomalies ['TARGET_SOURCE_EVENT_NOT_FOUND']
database sha256 unchanged: True cd47e987c8edbec758d590c7580d4a4bb982ed802da18d21fea338f020c3fae2
DATABASE SHA256 UNCHANGED
A: 	Elapsed (wall clock) time (h:mm:ss or m:ss): 10:32.07 	Maximum resident set size (kbytes): 5954824 
B: 	Elapsed (wall clock) time (h:mm:ss or m:ss): 4:11.96 	Maximum resident set size (kbytes): 3679628 
C: 	Elapsed (wall clock) time (h:mm:ss or m:ss): 0:00.06 	Maximum resident set size (kbytes): 13376 
D: 	Elapsed (wall clock) time (h:mm:ss or m:ss): 2:03.95 	Maximum resident set size (kbytes): 3672432 
FORMAL_DONE
